\BOOKMARK [1][-]{section.1}{\376\377\151\202\217\360\377\010\000O\000v\000e\000r\000v\000i\000e\000w\377\011}{}% 1
\BOOKMARK [2][-]{subsection.1.1}{\376\377\000B\000i\000d\000i\000r\000e\000c\000t\000i\000o\000n\000a\000l\000\040\000E\000n\000c\000o\000d\000e\000r\000\040\000R\000e\000p\000r\000e\000s\000e\000n\000t\000a\000t\000i\000o\000n\000s\000\040\000f\000r\000o\000m\000\040\000T\000r\000a\000n\000s\000f\000o\000r\000m\000e\000r\000s\377\032\000B\000E\000R\000T}{section.1}% 2
\BOOKMARK [2][-]{subsection.1.2}{\376\377\140\305\141\037\122\006\147\220\377\010\000S\000e\000n\000t\000i\000m\000e\000n\000t\000\040\000A\000n\000a\000l\000y\000s\000i\000s\377\011}{section.1}% 3
\BOOKMARK [2][-]{subsection.1.3}{\376\377\221\312\116\111\150\300\155\113\377\010\000P\000a\000r\000a\000p\000h\000r\000a\000s\000e\000\040\000D\000e\000t\000e\000c\000t\000i\000o\000n\377\011}{section.1}% 4
\BOOKMARK [2][-]{subsection.1.4}{\376\377\213\355\116\111\145\207\147\054\166\370\117\074\136\246\377\010\000S\000e\000m\000a\000n\000t\000i\000c\000\040\000T\000e\000x\000t\000u\000a\000l\000\040\000S\000i\000m\000i\000l\000a\000r\000i\000t\000y\000,\000\040\000S\000T\000S\377\011}{section.1}% 5
\BOOKMARK [2][-]{subsection.1.5}{\376\377\147\054\230\171\166\356\377\010\000T\000h\000i\000s\000\040\000P\000r\000o\000j\000e\000c\000t\377\011}{section.1}% 6
\BOOKMARK [1][-]{section.2}{\376\377\137\000\131\313\377\010\000G\000e\000t\000t\000i\000n\000g\000\040\000S\000t\000a\000r\000t\000e\000d\377\011}{}% 7
\BOOKMARK [2][-]{subsection.2.1}{\376\377\116\343\170\001\151\202\211\310\377\010\000C\000o\000d\000e\000\040\000o\000v\000e\000r\000v\000i\000e\000w\377\011}{section.2}% 8
\BOOKMARK [2][-]{subsection.2.2}{\376\377\163\257\130\203\221\115\177\156\377\010\000S\000e\000t\000u\000p\377\011}{section.2}% 9
\BOOKMARK [1][-]{section.3}{\376\377\133\236\163\260\000\040\000m\000i\000n\000B\000E\000R\000T\377\010\000I\000m\000p\000l\000e\000m\000e\000n\000t\000i\000n\000g\000\040\000m\000i\000n\000B\000E\000R\000T\377\011}{}% 10
\BOOKMARK [2][-]{subsection.3.1}{\376\377\000B\000E\000R\000T\000\040\166\204\176\306\202\202\377\010\000D\000e\000t\000a\000i\000l\000s\000\040\000o\000f\000\040\000B\000E\000R\000T\377\011}{section.3}% 11
\BOOKMARK [3][-]{subsubsection.3.1.1}{\376\377\122\006\213\315\377\010\000t\000o\000k\000e\000n\000i\000z\000e\000r\000.\000p\000y\377\011}{subsection.3.1}% 12
\BOOKMARK [3][-]{subsubsection.3.1.2}{\376\377\135\114\121\145\134\102\377\010\000b\000e\000r\000t\000.\000B\000e\000r\000t\000M\000o\000d\000e\000l\000.\000e\000m\000b\000e\000d\377\011}{subsection.3.1}% 13
\BOOKMARK [3][-]{subsubsection.3.1.3}{\376\377\000B\000E\000R\000T\000\040\000T\000r\000a\000n\000s\000f\000o\000r\000m\000e\000r\000\040\134\102\377\010\000b\000e\000r\000t\000.\000B\000e\000r\000t\000L\000a\000y\000e\000r\377\011}{subsection.3.1}% 14
\BOOKMARK [3][-]{subsubsection.3.1.4}{\376\377\000B\000E\000R\000T\000\040\217\223\121\372\377\010\000b\000e\000r\000t\000.\000B\000e\000r\000t\000M\000o\000d\000e\000l\000.\000f\000o\000r\000w\000a\000r\000d\377\011}{subsection.3.1}% 15
\BOOKMARK [3][-]{subsubsection.3.1.5}{\376\377\213\255\176\303\000\040\000B\000E\000R\000T\377\010\000T\000r\000a\000i\000n\000i\000n\000g\000\040\000B\000E\000R\000T\377\011}{subsection.3.1}% 16
\BOOKMARK [2][-]{subsection.3.2}{\376\377\137\205\133\236\163\260\116\343\170\001\377\032\131\032\131\064\201\352\154\350\141\017\122\233\116\016\000\040\000T\000r\000a\000n\000s\000f\000o\000r\000m\000e\000r\000\040\134\102}{section.3}% 17
\BOOKMARK [3][-]{subsubsection.3.2.1}{\376\377\000B\000E\000R\000T\000\040\131\032\131\064\201\352\154\350\141\017\122\233\377\032\000b\000e\000r\000t\000.\000B\000e\000r\000t\000S\000e\000l\000f\000A\000t\000t\000e\000n\000t\000i\000o\000n\000.\000a\000t\000t\000e\000n\000t\000i\000o\000n}{subsection.3.2}% 18
\BOOKMARK [3][-]{subsubsection.3.2.2}{\376\377\000B\000E\000R\000T\000\040\000T\000r\000a\000n\000s\000f\000o\000r\000m\000e\000r\000\040\134\102\377\032\000b\000e\000r\000t\000.\000B\000e\000r\000t\000L\000a\000y\000e\000r\000\040\116\016\000\040\000b\000e\000r\000t\000.\000B\000e\000r\000t\000M\000o\000d\000e\000l}{subsection.3.2}% 19
\BOOKMARK [1][-]{section.4}{\376\377\165\050\000\040\000B\000E\000R\000T\000\040\120\132\140\305\141\037\122\006\147\220\377\010\000S\000e\000n\000t\000i\000m\000e\000n\000t\000\040\000A\000n\000a\000l\000y\000s\000i\000s\000\040\000w\000i\000t\000h\000\040\000t\000h\000e\000\040\000B\000E\000R\000T\377\011}{}% 20
\BOOKMARK [2][-]{subsection.4.1}{\376\377\145\160\143\156\226\306\377\010\000D\000a\000t\000a\000s\000e\000t\000s\377\011}{section.4}% 21
\BOOKMARK [3][-]{subsubsection.4.1.1}{\376\377\145\257\127\146\171\217\140\305\141\037\150\021\136\223\377\010\000S\000t\000a\000n\000f\000o\000r\000d\000\040\000S\000e\000n\000t\000i\000m\000e\000n\000t\000\040\000T\000r\000e\000e\000b\000a\000n\000k\000,\000\040\000S\000S\000T\377\011\145\160\143\156\226\306}{subsection.4.1}% 22
\BOOKMARK [3][-]{subsubsection.4.1.2}{\376\377\000C\000F\000I\000M\000D\000B\000\040\145\160\143\156\226\306}{subsection.4.1}% 23
\BOOKMARK [2][-]{subsection.4.2}{\376\377\137\205\133\236\163\260\116\343\170\001\377\032\127\372\116\216\000\040\000B\000E\000R\000T\000\040\135\114\121\145\166\204\140\305\141\037\122\006\174\173}{section.4}% 24
\BOOKMARK [2][-]{subsection.4.3}{\376\377\000A\000d\000a\000m\000\040\117\030\123\026\126\150\377\010\000A\000d\000a\000m\000\040\000O\000p\000t\000i\000m\000i\000z\000e\000r\377\011}{section.4}% 25
\BOOKMARK [3][-]{subsubsection.4.3.1}{\376\377\000A\000d\000a\000m\000\040\117\030\123\026\126\150\151\202\217\360}{subsection.4.3}% 26
\BOOKMARK [3][-]{subsubsection.4.3.2}{\376\377\137\205\133\236\163\260\116\343\170\001\377\032\000o\000p\000t\000i\000m\000i\000z\000e\000r\000.\000s\000t\000e\000p}{subsection.4.3}% 27
\BOOKMARK [2][-]{subsection.4.4}{\376\377\213\255\176\303\000\040\000m\000i\000n\000B\000E\000R\000T\000\040\120\132\140\305\141\037\122\006\174\173}{section.4}% 28
\BOOKMARK [2][-]{subsection.4.5}{\376\377\000m\000i\000n\000B\000E\000R\000T\000\040\166\204\143\320\116\244\213\364\146\016}{section.4}% 29
\BOOKMARK [1][-]{section.5}{\376\377\224\210\133\371\230\235\131\026\116\013\156\070\116\373\122\241\166\204\142\151\134\125\116\016\145\071\217\333}{}% 30
\BOOKMARK [2][-]{subsection.5.1}{\376\377\145\160\143\156\226\306\151\202\211\310\377\010\000D\000a\000t\000a\000s\000e\000t\000\040\000O\000v\000e\000r\000v\000i\000e\000w\377\011}{section.5}% 31
\BOOKMARK [3][-]{subsubsection.5.1.1}{\376\377\000Q\000u\000o\000r\000a\000\040\145\160\143\156\226\306}{subsection.5.1}% 32
\BOOKMARK [3][-]{subsubsection.5.1.2}{\376\377\000S\000e\000m\000E\000v\000a\000l\000\040\000S\000T\000S\000\040\127\372\121\306\145\160\143\156\226\306}{subsection.5.1}% 33
\BOOKMARK [2][-]{subsection.5.2}{\376\377\116\343\170\001\151\202\211\310\377\010\000C\000o\000d\000e\000\040\000O\000v\000e\000r\000v\000i\000e\000w\377\011}{section.5}% 34
\BOOKMARK [2][-]{subsection.5.3}{\376\377\123\357\200\375\166\204\142\151\134\125\377\010\000P\000o\000s\000s\000i\000b\000l\000e\000\040\000E\000x\000t\000e\000n\000s\000i\000o\000n\000s\377\011}{section.5}% 35
\BOOKMARK [3][-]{subsubsection.5.3.1}{\376\377\230\235\131\026\230\204\213\255\176\303\377\010\000A\000d\000d\000i\000t\000i\000o\000n\000a\000l\000\040\000P\000r\000e\000t\000r\000a\000i\000n\000i\000n\000g\377\011}{subsection.5.3}% 36
\BOOKMARK [3][-]{subsubsection.5.3.2}{\376\377\131\032\221\315\215\037\150\067\147\054\143\222\136\217\143\137\131\061\133\146\116\140\377\010\000M\000u\000l\000t\000i\000p\000l\000e\000\040\000N\000e\000g\000a\000t\000i\000v\000e\000s\000\040\000R\000a\000n\000k\000i\000n\000g\000\040\000L\000o\000s\000s\000\040\000L\000e\000a\000r\000n\000i\000n\000g\377\011}{subsection.5.3}% 37
\BOOKMARK [3][-]{subsubsection.5.3.3}{\376\377\117\131\137\046\166\370\117\074\136\246\137\256\214\003\377\010\000C\000o\000s\000i\000n\000e\000-\000S\000i\000m\000i\000l\000a\000r\000i\000t\000y\000\040\000F\000i\000n\000e\000-\000T\000u\000n\000i\000n\000g\377\011}{subsection.5.3}% 38
\BOOKMARK [3][-]{subsubsection.5.3.4}{\376\377\136\046\153\143\122\031\123\026\117\030\123\026\166\204\137\256\214\003\377\010\000F\000i\000n\000e\000-\000T\000u\000n\000i\000n\000g\000\040\000w\000i\000t\000h\000\040\000R\000e\000g\000u\000l\000a\000r\000i\000z\000e\000d\000\040\000O\000p\000t\000i\000m\000i\000z\000a\000t\000i\000o\000n\377\011}{subsection.5.3}% 39
\BOOKMARK [3][-]{subsubsection.5.3.5}{\376\377\131\032\116\373\122\241\137\256\214\003\377\010\000M\000u\000l\000t\000i\000t\000a\000s\000k\000\040\000F\000i\000n\000e\000-\000T\000u\000n\000i\000n\000g\377\011}{subsection.5.3}% 40
\BOOKMARK [3][-]{subsubsection.5.3.6}{\376\377\133\371\153\324\133\146\116\140\377\010\000C\000o\000n\000t\000r\000a\000s\000t\000i\000v\000e\000\040\000L\000e\000a\000r\000n\000i\000n\000g\377\011}{subsection.5.3}% 41
\BOOKMARK [3][-]{subsubsection.5.3.7}{\376\377\123\302\145\160\232\330\145\110\137\256\214\003\145\271\154\325\377\010\000P\000a\000r\000a\000m\000e\000t\000e\000r\000\040\000E\000f\000f\000i\000c\000i\000e\000n\000t\000\040\000F\000i\000n\000e\000t\000u\000n\000i\000n\000g\000\040\000M\000e\000t\000h\000o\000d\000s\377\011}{subsection.5.3}% 42
\BOOKMARK [3][-]{subsubsection.5.3.8}{\376\377\230\235\131\026\145\160\143\156\226\306\377\010\000A\000d\000d\000i\000t\000i\000o\000n\000a\000l\000\040\000D\000a\000t\000a\000s\000e\000t\000s\377\011}{subsection.5.3}% 43
\BOOKMARK [3][-]{subsubsection.5.3.9}{\376\377\230\235\131\026\166\204\217\223\121\145\162\171\137\201\377\010\000A\000d\000d\000i\000t\000i\000o\000n\000a\000l\000\040\000i\000n\000p\000u\000t\000\040\000f\000e\000a\000t\000u\000r\000e\000s\377\011}{subsection.5.3}% 44
\BOOKMARK [3][-]{subsubsection.5.3.10}{\376\377\121\166\116\326\145\071\217\333\377\010\000O\000t\000h\000e\000r\000\040\000i\000m\000p\000r\000o\000v\000e\000m\000e\000n\000t\000s\377\011}{subsection.5.3}% 45
\BOOKMARK [3][-]{subsubsection.5.3.11}{\376\377\121\166\116\326\145\271\154\325\377\010\000O\000t\000h\000e\000r\000\040\000A\000p\000p\000r\000o\000a\000c\000h\000e\000s\377\011}{subsection.5.3}% 46
\BOOKMARK [2][-]{subsection.5.4}{\376\377\143\320\116\244\213\364\146\016}{section.5}% 47
\BOOKMARK [1][-]{section.6}{\376\377\143\320\116\244\122\060\143\222\210\114\151\234\377\010\000S\000u\000b\000m\000i\000t\000t\000i\000n\000g\000\040\000t\000o\000\040\000t\000h\000e\000\040\000L\000e\000a\000d\000e\000r\000b\000o\000a\000r\000d\377\011}{}% 48
\BOOKMARK [2][-]{subsection.6.1}{\376\377\151\202\217\360\377\010\000O\000v\000e\000r\000v\000i\000e\000w\377\011}{section.6}% 49
\BOOKMARK [2][-]{subsection.6.2}{\376\377\143\320\116\244\153\145\232\244\377\010\000S\000u\000b\000m\000i\000s\000s\000i\000o\000n\000\040\000S\000t\000e\000p\000s\377\011}{section.6}% 50
\BOOKMARK [1][-]{section.7}{\376\377\213\304\122\006\150\007\121\306\377\010\000G\000r\000a\000d\000i\000n\000g\000\040\000C\000r\000i\000t\000e\000r\000i\000a\377\011}{}% 51
\BOOKMARK [1][-]{section.8}{\376\377\203\143\212\211\121\306\122\031\377\010\000H\000o\000n\000o\000r\000\040\000C\000o\000d\000e\377\011}{}% 52
